Loading checkpoint shards:   0%|          | 0/4 [00:00<?, ?it/s]Loading checkpoint shards: 100%|██████████| 4/4 [00:00<00:00, 104.65it/s]
E query_0 margin=1.125 native=14
E query_1 margin=1.125 native=14
E query_2 margin=1.25 native=14
E query_3 margin=1.25 native=14
E query_4 margin=1.25 native=14
E query_5 margin=1.25 native=14
E query_6 margin=1.25 native=14
E query_7 margin=1.25 native=14
E query_8 margin=1.25 native=14
E query_9 margin=1.375 native=14
E query_10 margin=1.25 native=14
E query_11 margin=1.25 native=14
E query_12 margin=1.375 native=14
E query_13 margin=1.25 native=14
E query_14 margin=1.25 native=14
E query_15 margin=1.25 native=14
E query_16 margin=1.25 native=14
E query_17 margin=1.25 native=14
E query_18 margin=1.25 native=14
E query_19 margin=1.125 native=14
E query_20 margin=1.125 native=14
E query_21 margin=1.25 native=14
E query_22 margin=1.25 native=14
E query_23 margin=1.25 native=14
E query_24 margin=1.25 native=14
E query_25 margin=1.25 native=14
E query_26 margin=1.125 native=14
E query_27 margin=1.125 native=14
E query_28 margin=1.25 native=14
E query_29 margin=1.125 native=14
E query_30 margin=1.125 native=14
E query_31 margin=1.25 native=14
E query_32 margin=1.125 native=14
E query_33 margin=1.375 native=14
E query_34 margin=1.25 native=14
E query_35 margin=1.25 native=14
E query_36 margin=1.25 native=14
E query_37 margin=1.25 native=14
E query_38 margin=1.25 native=14
E query_39 margin=1.125 native=14
E query_40 margin=1.375 native=14
E query_41 margin=1.125 native=14
E query_42 margin=1.25 native=14
E query_43 margin=1.25 native=14
E query_44 margin=1.25 native=14
E query_45 margin=1.25 native=14
E query_46 margin=1.25 native=14
E query_47 margin=1.25 native=14
E query_48 margin=1.125 native=14
E query_49 margin=1.25 native=14
E query_50 margin=1.25 native=14
E query_51 margin=1.25 native=14
E query_52 margin=1.25 native=14
E query_53 margin=1.25 native=14
E query_54 margin=1.25 native=14
E query_55 margin=1.25 native=14
E query_56 margin=1.25 native=14
E query_57 margin=1.25 native=14
E query_58 margin=1.25 native=14
E query_59 margin=1.25 native=14
E query_60 margin=1.125 native=14
E query_61 margin=1.25 native=14
E query_62 margin=1.25 native=14
E query_63 margin=1.25 native=14
E query_64 margin=1.25 native=14
E query_65 margin=1.25 native=14
E query_66 margin=1.25 native=14
E query_67 margin=1.25 native=14
E query_68 margin=1.25 native=14
E query_69 margin=1.25 native=14
E query_70 margin=1.25 native=14
E query_71 margin=1.25 native=14
E query_72 margin=1.375 native=14
E query_73 margin=1.25 native=14
E query_74 margin=1.125 native=14
E query_75 margin=1.25 native=14
E query_76 margin=1.25 native=14
E query_77 margin=1.375 native=14
E query_78 margin=1.125 native=14
E query_79 margin=1.25 native=14
E query_80 margin=1.375 native=14
E query_81 margin=1.25 native=14
E query_82 margin=1.25 native=14
E query_83 margin=1.25 native=14
E query_84 margin=1.25 native=14
E query_85 margin=1.125 native=14
E query_86 margin=1.25 native=14
E query_87 margin=1.25 native=14
E query_88 margin=1.125 native=14
E query_89 margin=1.25 native=14
E query_90 margin=1.25 native=14
E query_91 margin=1.25 native=14
E query_92 margin=1.25 native=14
E query_93 margin=1.25 native=14
E query_94 margin=1.25 native=14
E query_95 margin=1.25 native=14
E query_96 margin=1.25 native=14
E query_97 margin=1.25 native=14
E query_98 margin=1.25 native=14
E query_99 margin=1.25 native=14
E query_100 margin=1.25 native=14
E query_101 margin=1.25 native=14
E query_102 margin=1.25 native=14
E query_103 margin=1.25 native=14
E query_104 margin=1.375 native=14
E query_105 margin=1.25 native=14
E query_106 margin=1.25 native=14
E query_107 margin=1.25 native=14
E query_108 margin=1.25 native=14
E query_109 margin=1.25 native=14
E query_110 margin=1.375 native=14
E query_111 margin=1.25 native=14
E query_112 margin=1.25 native=14
E query_113 margin=1.25 native=14
E query_114 margin=1.25 native=14
E query_115 margin=1.25 native=14
E query_116 margin=1.25 native=14
E query_117 margin=1.25 native=14
E query_118 margin=1.125 native=14
E query_119 margin=0.125 native=14
E query_120 margin=1.125 native=14
E query_121 margin=1.125 native=14
E query_122 margin=1.25 native=14
E query_123 margin=1.375 native=14
E query_124 margin=1.25 native=14
E query_125 margin=1.25 native=14
E query_126 margin=1.125 native=14
E query_127 margin=0.625 native=14
E query_128 margin=1.0 native=14
E query_129 margin=0.75 native=14
E query_130 margin=1.125 native=14
E query_131 margin=-0.875 native=12
E layer_0 margin=1.25 native=14
E layer_1 margin=1.25 native=14
E layer_2 margin=1.25 native=14
E layer_3 margin=1.25 native=14
E layer_4 margin=1.25 native=14
E layer_5 margin=1.125 native=14
E layer_6 margin=1.25 native=14
E layer_7 margin=1.125 native=14
E layer_8 margin=1.25 native=14
E layer_9 margin=1.25 native=14
E layer_10 margin=1.125 native=14
E layer_11 margin=1.25 native=14
E layer_12 margin=1.125 native=14
E layer_13 margin=0.75 native=14
E layer_14 margin=1.25 native=14
E layer_15 margin=1.125 native=14
E layer_16 margin=0.5 native=14
E layer_17 margin=1.125 native=14
E layer_18 margin=1.0 native=14
E layer_19 margin=1.375 native=14
E layer_20 margin=1.5 native=14
E layer_21 margin=1.125 native=14
E layer_22 margin=1.125 native=14
E layer_23 margin=1.125 native=14
E layer_24 margin=0.5 native=14
E layer_25 margin=1.25 native=14
E layer_26 margin=1.5 native=14
E layer_27 margin=1.125 native=14
E layer_28 margin=1.25 native=14
E layer_29 margin=1.25 native=14
E layer_30 margin=1.25 native=14
E layer_31 margin=1.25 native=14
E all_queries margin=-1.125 native=12
E without_final margin=-0.25 native=12
E sham margin=1.25 native=14
