Loading checkpoint shards:   0%|          | 0/4 [00:00<?, ?it/s]Loading checkpoint shards:  25%|██▌       | 1/4 [00:09<00:28,  9.50s/it]Loading checkpoint shards:  50%|█████     | 2/4 [00:19<00:19,  9.85s/it]Loading checkpoint shards:  75%|███████▌  | 3/4 [00:29<00:10, 10.03s/it]Loading checkpoint shards: 100%|██████████| 4/4 [00:30<00:00,  6.23s/it]Loading checkpoint shards: 100%|██████████| 4/4 [00:30<00:00,  7.56s/it]
WORLD real_after_0 margin=1.25 native=14
WORLD real_after_1 margin=-2.0 native=12
WORLD contrast_before_0 margin=-5.0 native=12
WORLD contrast_before_1 margin=2.125 native=14
PATCH real_after_0_sham margin=1.25
PATCH real_after_0_x margin=1.0
PATCH real_after_0_e margin=-0.875
PATCH real_after_0_xe margin=-1.125
PATCH real_after_0_mlp margin=0.375
PATCH real_after_0_endpoint_swap margin=-0.125
PATCH real_after_0_all_queries_x margin=-0.75
PATCH real_after_1_sham margin=-2.0
PATCH real_after_1_x margin=-1.25
PATCH real_after_1_e margin=0.625
PATCH real_after_1_xe margin=1.0
PATCH real_after_1_mlp margin=-0.875
PATCH real_after_1_endpoint_swap margin=-0.25
PATCH real_after_1_all_queries_x margin=-0.75
PATCH contrast_before_0_sham margin=-5.0
PATCH contrast_before_0_x margin=-5.625
PATCH contrast_before_0_e margin=0.875
PATCH contrast_before_0_xe margin=1.125
PATCH contrast_before_0_mlp margin=-1.125
PATCH contrast_before_0_endpoint_swap margin=1.625
PATCH contrast_before_0_all_queries_x margin=-4.5
PATCH contrast_before_1_sham margin=2.125
PATCH contrast_before_1_x margin=2.5
PATCH contrast_before_1_e margin=-3.0
PATCH contrast_before_1_xe margin=-2.875
PATCH contrast_before_1_mlp margin=-1.625
PATCH contrast_before_1_endpoint_swap margin=-1.25
PATCH contrast_before_1_all_queries_x margin=0.5
PATCH real_after_0_scan_0 margin=1.125
PATCH real_after_0_scan_1 margin=1.125
PATCH real_after_0_scan_2 margin=1.25
PATCH real_after_0_scan_3 margin=1.25
PATCH real_after_0_scan_4 margin=1.25
PATCH real_after_0_scan_5 margin=1.25
PATCH real_after_0_scan_6 margin=1.25
PATCH real_after_0_scan_7 margin=1.375
PATCH real_after_0_scan_8 margin=1.25
PATCH real_after_0_scan_9 margin=1.25
PATCH real_after_0_scan_10 margin=1.25
PATCH real_after_0_scan_11 margin=1.375
PATCH real_after_0_scan_12 margin=1.25
PATCH real_after_0_scan_13 margin=1.25
PATCH real_after_0_scan_14 margin=1.25
PATCH real_after_0_scan_15 margin=1.25
PATCH real_after_0_scan_16 margin=1.25
PATCH real_after_0_scan_17 margin=1.25
PATCH real_after_0_scan_18 margin=1.25
PATCH real_after_0_scan_19 margin=1.25
PATCH real_after_0_scan_20 margin=1.25
PATCH real_after_0_scan_21 margin=1.25
PATCH real_after_0_scan_22 margin=1.25
PATCH real_after_0_scan_23 margin=1.25
PATCH real_after_0_scan_24 margin=1.375
PATCH real_after_0_scan_25 margin=1.375
PATCH real_after_0_scan_26 margin=1.25
PATCH real_after_0_scan_27 margin=1.25
PATCH real_after_0_scan_28 margin=1.125
PATCH real_after_0_scan_29 margin=1.125
PATCH real_after_0_scan_30 margin=1.25
PATCH real_after_0_scan_31 margin=1.25
PATCH real_after_0_scan_32 margin=1.375
PATCH real_after_0_scan_33 margin=1.25
PATCH real_after_0_scan_34 margin=1.25
PATCH real_after_0_scan_35 margin=1.25
PATCH real_after_0_scan_36 margin=1.25
PATCH real_after_0_scan_37 margin=1.25
PATCH real_after_0_scan_38 margin=1.25
PATCH real_after_0_scan_39 margin=1.125
PATCH real_after_0_scan_40 margin=1.25
PATCH real_after_0_scan_41 margin=1.25
PATCH real_after_0_scan_42 margin=1.25
PATCH real_after_0_scan_43 margin=1.375
PATCH real_after_0_scan_44 margin=1.375
PATCH real_after_0_scan_45 margin=1.25
PATCH real_after_0_scan_46 margin=1.25
PATCH real_after_0_scan_47 margin=1.25
PATCH real_after_0_scan_48 margin=1.25
PATCH real_after_0_scan_49 margin=1.25
PATCH real_after_0_scan_50 margin=1.125
PATCH real_after_0_scan_51 margin=1.25
PATCH real_after_0_scan_52 margin=1.125
PATCH real_after_0_scan_53 margin=1.25
PATCH real_after_0_scan_54 margin=1.25
PATCH real_after_0_scan_55 margin=1.25
PATCH real_after_0_scan_56 margin=1.25
PATCH real_after_0_scan_57 margin=1.25
PATCH real_after_0_scan_58 margin=1.25
PATCH real_after_0_scan_59 margin=1.25
PATCH real_after_0_scan_60 margin=1.25
PATCH real_after_0_scan_61 margin=1.25
PATCH real_after_0_scan_62 margin=1.25
PATCH real_after_0_scan_63 margin=1.25
PATCH real_after_0_scan_64 margin=1.125
PATCH real_after_0_scan_65 margin=1.375
PATCH real_after_0_scan_66 margin=1.375
PATCH real_after_0_scan_67 margin=1.25
PATCH real_after_0_scan_68 margin=1.25
PATCH real_after_0_scan_69 margin=1.25
PATCH real_after_0_scan_70 margin=1.25
PATCH real_after_0_scan_71 margin=1.25
PATCH real_after_0_scan_72 margin=1.25
PATCH real_after_0_scan_73 margin=1.25
PATCH real_after_0_scan_74 margin=1.25
PATCH real_after_0_scan_75 margin=1.25
PATCH real_after_0_scan_76 margin=1.25
PATCH real_after_0_scan_77 margin=1.25
PATCH real_after_0_scan_78 margin=1.25
PATCH real_after_0_scan_79 margin=1.25
PATCH real_after_0_scan_80 margin=1.25
PATCH real_after_0_scan_81 margin=1.25
PATCH real_after_0_scan_82 margin=1.125
PATCH real_after_0_scan_83 margin=1.25
PATCH real_after_0_scan_84 margin=1.125
PATCH real_after_0_scan_85 margin=1.375
PATCH real_after_0_scan_86 margin=1.375
PATCH real_after_0_scan_87 margin=1.25
PATCH real_after_0_scan_88 margin=1.125
PATCH real_after_0_scan_89 margin=1.375
PATCH real_after_0_scan_90 margin=1.125
PATCH real_after_0_scan_91 margin=1.25
PATCH real_after_0_scan_92 margin=1.25
PATCH real_after_0_scan_93 margin=1.25
PATCH real_after_0_scan_94 margin=1.25
PATCH real_after_0_scan_95 margin=1.25
PATCH real_after_0_scan_96 margin=1.25
PATCH real_after_0_scan_97 margin=1.25
PATCH real_after_0_scan_98 margin=1.25
PATCH real_after_0_scan_99 margin=1.25
PATCH real_after_0_scan_100 margin=1.375
PATCH real_after_0_scan_101 margin=1.25
PATCH real_after_0_scan_102 margin=1.375
PATCH real_after_0_scan_103 margin=1.25
PATCH real_after_0_scan_104 margin=1.25
PATCH real_after_0_scan_105 margin=1.375
PATCH real_after_0_scan_106 margin=1.25
PATCH real_after_0_scan_107 margin=1.25
PATCH real_after_0_scan_108 margin=1.25
PATCH real_after_0_scan_109 margin=1.25
PATCH real_after_0_scan_110 margin=1.25
PATCH real_after_0_scan_111 margin=1.125
PATCH real_after_0_scan_112 margin=1.25
PATCH real_after_0_scan_113 margin=1.25
PATCH real_after_0_scan_114 margin=1.25
PATCH real_after_0_scan_115 margin=1.375
PATCH real_after_0_scan_116 margin=1.25
PATCH real_after_0_scan_117 margin=1.25
PATCH real_after_0_scan_118 margin=1.25
PATCH real_after_0_scan_119 margin=0.375
PATCH real_after_0_scan_120 margin=1.25
PATCH real_after_0_scan_121 margin=1.125
PATCH real_after_0_scan_122 margin=1.25
PATCH real_after_0_scan_123 margin=1.25
PATCH real_after_0_scan_124 margin=1.25
PATCH real_after_0_scan_125 margin=1.25
PATCH real_after_0_scan_126 margin=1.25
PATCH real_after_0_scan_127 margin=0.875
PATCH real_after_0_scan_128 margin=1.125
PATCH real_after_0_scan_129 margin=1.0
PATCH real_after_0_scan_130 margin=1.25
PATCH real_after_0_scan_131 margin=1.0
{"worlds": 4, "patches": 160, "scan_queries": 132, "elapsed_seconds": 134.66121807135642, "peak_cuda_allocated_bytes": 17502954496, "scientific_review": "REVIEW_UNAVAILABLE"}
